// Jest Snapshot v1, https://goo.gl/fbAQLP

exports[`Hello.vue should match the snapshot 1`] = `
<div
  class="hello"
>
  <h1>
    Welcome to Your Vue.js Library
  </h1>
  <div
    class="cat"
  >
    <h2>
      Essential Links
    </h2>
    <ul>
      <li>
        <a
          href="https://vuejs.org"
          target="_blank"
        >
          Core Docs
        </a>
      </li>
      <li>
        <a
          href="https://forum.vuejs.org"
          target="_blank"
        >
          Forum
        </a>
      </li>
      <li>
        <a
          href="https://chat.vuejs.org"
          target="_blank"
        >
          Community Chat
        </a>
      </li>
      <li>
        <a
          href="https://twitter.com/vuejs"
          target="_blank"
        >
          Twitter
        </a>
      </li>
      <li>
        <a
          href="http://vuejs-templates.github.io/webpack/"
          target="_blank"
        >
          Docs for This Template
        </a>
      </li>
    </ul>
  </div>
  <div
    class="cat"
  >
    <h2>
      Ecosystem
    </h2>
    <ul>
      <li>
        <a
          href="https://vuejs.org"
          target="_blank"
        >
          vue-router
        </a>
      </li>
      <li>
        <a
          href="https://forum.vuejs.org"
          target="_blank"
        >
          vuex
        </a>
      </li>
      <li>
        <a
          href="https://chat.vuejs.org"
          target="_blank"
        >
          vue-loader
        </a>
      </li>
      <li>
        <a
          href="https://twitter.com/vuejs"
          target="_blank"
        >
          awesome-vue
        </a>
      </li>
    </ul>
  </div>
</div>
`;
